[athenavien.com/3942-world-of-astrophotography/index5afa.html]
[backblue.gif]
[fade.gif]
[index.html]
[athenavien.com/3942-world-of-astrophotography/assets/favicon.ico]
[athenavien.com/3942-world-of-astrophotography/assets/spin-animation.css]
[athenavien.com/3942-world-of-astrophotography/assets/logo.png]
[athenavien.com/3942-world-of-astrophotography/assets/bg.jpg]
[athenavien.com/3942-world-of-astrophotography/assets/outer-wheel.png]
[athenavien.com/3942-world-of-astrophotography/assets/inner-wheel2.png]
[rettablewizette.com/d/ec2c6dc5-972d-4c50-a1a6-a9a16435ee9bd349.js]
[code.jquery.com/jquery-3.6.0.min.js]
[athenavien.com/3942-world-of-astrophotography/assets/custom-progressive-jackpot-ticker.js]
[athenavien.com/3942-world-of-astrophotography/assets/win7.png]
[athenavien.com/3942-world-of-astrophotography/assets/win8.png]
[athenavien.com/3942-world-of-astrophotography/assets/win9.png]
[athenavien.com/3942-world-of-astrophotography/assets/win10.png]
[athenavien.com/3942-world-of-astrophotography/index5afa.html]
[athenavien.com/3942-world-of-astrophotography/assets/spin-animation.css]
[rettablewizette.com/d/ec2c6dc5-972d-4c50-a1a6-a9a16435ee9b.html]
